1243535435
1325351253
Curs|or is here
654654653415464
